%!Adobe-FontList 1.24
%Locale:0x409

%BeginFont
Handler:DirectoryHandler
FontType:TrueType
FontName:Sol_Kol
FamilyName:Sol Kol
StyleName:Regular
FullName:Sol Kol
MenuName:Sol Kol
StyleBits:0
FamilyNameNative:Sol Kol
StyleNameNative:Regular
FullNameNative:Sol Kol Regular
WritingScript:Cyrillic
OutlineFileName:C:\Users\nugum\OneDrive\Documents\всякое\emoji font\Font\Sol Kol.ttf
DataFormat:sfntData
hasSVG:no
hasCOLR:no
VariableFontType:NonVariableFont
FileLength:317916
FileModTime:1779286785
WeightClass:400
WidthClass:5
AngleClass:0
NameArray:0,Mac,4,Sol Kol
NameArray:0,Win,1,Sol Kol
%EndFont

%BeginFont
Handler:DirectoryHandler
FontType:Invalid
OutlineFileName:C:\Users\nugum\OneDrive\Documents\всякое\emoji font\Font\emoji.txt
FileModTime:1779288187
%EndFont

